// Jest Snapshot v1, https://goo.gl/fbAQLP

exports[`Pokemon stats screen should render the pokemon stats 1`] = `
"
  <div class=\\"container\\">
  <h2>Initial Stats:</h2>
  <ul>
  <li>hp: 48</li>
  </ul>
  </div>
  "
`;
